package cmd

import (
	"testing"

	"github.com/stretchr/testify/assert"
)

func TestTestStepCommand(t *testing.T) {

	testCmd := TestStepCommand()

	// only high level testing performed - details are tested in step generation procudure
	assert.Equal(t, "testStep", testCmd.Use, "command name incorrect")

}
